
mysql> show databases
    -> ;
+--------------------+
| Database           |
+--------------------+
| information_schema |
| szymanskim         |
| wikingowie         |
+--------------------+
3 rows in set (0.01 sec)

mysql> use szymanskim
Reading table information for completion of table and column names
You can turn off this feature to get a quicker startup with -A

Database changed
mysql> show tables;
+----------------------+
| Tables_in_szymanskim |
+----------------------+
| postac               |
| pracownik            |
| przetwory            |
| statek               |
| walizka              |
+----------------------+
5 rows in set (0.00 sec)

mysql> use postac
ERROR 1044 (42000): Access denied for user 'szymanskim'@'%' to database 'postac'
mysql> SELECT * FROM postac;
+------------+----------+---------+------------+------+---------+--------+
| id_postaci | nazwa    | rodzaj  | data_ur    | wiek | funkcja | statek |
+------------+----------+---------+------------+------+---------+--------+
|          1 | Bjorn    | wiking  | 1045-12-04 |   45 | kapitan |      1 |
|          2 | Drozd    | ptak    | 1066-04-20 |   38 | NULL    |      1 |
|          3 | Tesciowa | kobieta | 1006-06-16 |   88 | NULL    |   NULL |
|          4 | Arnbjorn | wiking  | 1625-02-20 |   24 | NULL    |      1 |
|          5 | Beigarth | wiking  | 1628-03-21 |   21 | NULL    |      1 |
|          6 | Bjor     | wiking  | 1630-12-12 |   19 | NULL    |      2 |
|          7 | Bolverk  | wiking  | 1626-11-01 |   26 | NULL    |      2 |
|          8 | Byrnjolf | wiking  | 1620-05-24 |   30 | NULL    |      2 |
+------------+----------+---------+------------+------+---------+--------+
8 rows in set (0.00 sec)

mysql> mysql> DELETE FROM postac WHERE rodzaj='wiki wiek='30' AND wiek='26';
Query OK, 0 rows affected (0.00 sec)

mysql> SELECT * FROM postac;
+------------+----------+---------+------------+------+---------+--------+
| id_postaci | nazwa    | rodzaj  | data_ur    | wiek | funkcja | statek |
+------------+----------+---------+------------+------+---------+--------+
|          1 | Bjorn    | wiking  | 1045-12-04 |   45 | kapitan |      1 |
|          2 | Drozd    | ptak    | 1066-04-20 |   38 | NULL    |      1 |
|          3 | Tesciowa | kobieta | 1006-06-16 |   88 | NULL    |   NULL |
|          4 | Arnbjorn | wiking  | 1625-02-20 |   24 | NULL    |      1 |
|          5 | Beigarth | wiking  | 1628-03-21 |   21 | NULL    |      1 |
|          6 | Bjor     | wiking  | 1630-12-12 |   19 | NULL    |      2 |
|          7 | Bolverk  | wiking  | 1626-11-01 |   26 | NULL    |      2 |
|          8 | Byrnjolf | wiking  | 1620-05-24 |   30 | NULL    |      2 |
+------------+----------+---------+------------+------+---------+--------+
8 rows in set (0.01 sec)

mysql> DELETE FROM postac WHERE wiek='26';
Query OK, 1 row affected (0.01 sec)

mysql> SELECT * FROM postac;
+------------+----------+---------+------------+------+---------+--------+
| id_postaci | nazwa    | rodzaj  | data_ur    | wiek | funkcja | statek |
+------------+----------+---------+------------+------+---------+--------+
|          1 | Bjorn    | wiking  | 1045-12-04 |   45 | kapitan |      1 |
|          2 | Drozd    | ptak    | 1066-04-20 |   38 | NULL    |      1 |
|          3 | Tesciowa | kobieta | 1006-06-16 |   88 | NULL    |   NULL |
|          4 | Arnbjorn | wiking  | 1625-02-20 |   24 | NULL    |      1 |
|          5 | Beigarth | wiking  | 1628-03-21 |   21 | NULL    |      1 |
|          6 | Bjor     | wiking  | 1630-12-12 |   19 | NULL    |      2 |
|          8 | Byrnjolf | wiking  | 1620-05-24 |   30 | NULL    |      2 |
+------------+----------+---------+------------+------+---------+--------+
7 rows in set (0.01 sec)

mysql> DELETE FROM postac WHERE wiek='30';
Query OK, 1 row affected (0.00 sec)

mysql> SELECT * FROM postac;
+------------+----------+---------+------------+------+---------+--------+
| id_postaci | nazwa    | rodzaj  | data_ur    | wiek | funkcja | statek |
+------------+----------+---------+------------+------+---------+--------+
|          1 | Bjorn    | wiking  | 1045-12-04 |   45 | kapitan |      1 |
|          2 | Drozd    | ptak    | 1066-04-20 |   38 | NULL    |      1 |
|          3 | Tesciowa | kobieta | 1006-06-16 |   88 | NULL    |   NULL |
|          4 | Arnbjorn | wiking  | 1625-02-20 |   24 | NULL    |      1 |
|          5 | Beigarth | wiking  | 1628-03-21 |   21 | NULL    |      1 |
|          6 | Bjor     | wiking  | 1630-12-12 |   19 | NULL    |      2 |
+------------+----------+---------+------------+------+---------+--------+
6 rows in set (0.01 sec)

mysql> ALTER TABLE postac DROP PRIMARY KEY;
ERROR 1553 (HY000): Cannot drop index 'PRIMARY': needed in a foreign key constraint
mysql> ALTER TABLE postac ADD pesel INT(11) PRIMARY KEY;
ERROR 1068 (42000): Multiple primary key defined
mysql> SHOW CREATE TABLE postac;
+--------+-----------------------------------------------------------------------------------------------------------------------------------------------------------------------------------------------------------------------------------------------------------------------------------------------------------------------------------------------------------------------------------------------------------------------------------------------------------------------------------------------------+
| Table  | Create Table                                                                                                                                                                                                                                                                                                                                                                                                                                                                                        |
+--------+-----------------------------------------------------------------------------------------------------------------------------------------------------------------------------------------------------------------------------------------------------------------------------------------------------------------------------------------------------------------------------------------------------------------------------------------------------------------------------------------------------+
| postac | CREATE TABLE `postac` (
  `id_postaci` int NOT NULL,
  `nazwa` varchar(40) DEFAULT NULL,
  `rodzaj` enum('wiking','ptak','kobieta') DEFAULT NULL,
  `data_ur` date DEFAULT NULL,
  `wiek` int DEFAULT NULL,
  `funkcja` varchar(20) DEFAULT NULL,
  `statek` int DEFAULT NULL,
  PRIMARY KEY (`id_postaci`),
  KEY `statek` (`statek`),
  CONSTRAINT `postac_ibfk_1` FOREIGN KEY (`statek`) REFERENCES `statek` (`nazwa_statku`)
) ENGINE=InnoDB DEFAULT CHARSET=utf8mb4 COLLATE=utf8mb4_0900_ai_ci |
+--------+-----------------------------------------------------------------------------------------------------------------------------------------------------------------------------------------------------------------------------------------------------------------------------------------------------------------------------------------------------------------------------------------------------------------------------------------------------------------------------------------------------+
1 row in set (0.00 sec)

mysql> ALTER TABLE postac DROP FOREIGN KEY 'postac_ibfk_1';
ERROR 1064 (42000): You have an error in your SQL syntax; check the manual that corresponds to your MySQL server version for the right syntax to use near ''postac_ibfk_1'' at line 1
mysql> ALTER TABLE postac DROP FOREIGN KEY postac_ibfk_1;
Query OK, 0 rows affected (0.03 sec)
Records: 0  Duplicates: 0  Warnings: 0

mysql> ALTER TABLE postac ADD pesel INT(11) PRIMARY KEY;
ERROR 1068 (42000): Multiple primary key defined
mysql> ALTER TABLE postac DROP PRIMARY KEY;
ERROR 1553 (HY000): Cannot drop index 'PRIMARY': needed in a foreign key constraint
mysql> ALTER TABLE postac DROP FOREIGN KEY postac_ibfk_1;
ERROR 1091 (42000): Can't DROP 'postac_ibfk_1'; check that column/key exists
mysql> SHOW CREATE TABLE postac;
+--------+-----------------------------------------------------------------------------------------------------------------------------------------------------------------------------------------------------------------------------------------------------------------------------------------------------------------------------------------------------------------------------------------------------------+
| Table  | Create Table                                                                                                                                                                                                                                                                                                                                                                                              |
+--------+-----------------------------------------------------------------------------------------------------------------------------------------------------------------------------------------------------------------------------------------------------------------------------------------------------------------------------------------------------------------------------------------------------------+
| postac | CREATE TABLE `postac` (
  `id_postaci` int NOT NULL,
  `nazwa` varchar(40) DEFAULT NULL,
  `rodzaj` enum('wiking','ptak','kobieta') DEFAULT NULL,
  `data_ur` date DEFAULT NULL,
  `wiek` int DEFAULT NULL,
  `funkcja` varchar(20) DEFAULT NULL,
  `statek` int DEFAULT NULL,
  PRIMARY KEY (`id_postaci`),
  KEY `statek` (`statek`)
) ENGINE=InnoDB DEFAULT CHARSET=utf8mb4 COLLATE=utf8mb4_0900_ai_ci |
+--------+-----------------------------------------------------------------------------------------------------------------------------------------------------------------------------------------------------------------------------------------------------------------------------------------------------------------------------------------------------------------------------------------------------------+
1 row in set (0.00 sec)

mysql> SHOW TABLES
    -> ;
+----------------------+
| Tables_in_szymanskim |
+----------------------+
| postac               |
| pracownik            |
| przetwory            |
| statek               |
| walizka              |
+----------------------+
5 rows in set (0.00 sec)

mysql> SHOW CREATE TABLE pracownik;
+-----------+---------------------------------------------------------------------------------------------------------------------------------------------------------------------------------------------------------------------------------------------------------------------------------------------------------------------------------------------------------------------------------------------------------------+
| Table     | Create Table                                                                                                                                                                                                                                                                                                                                                                                                  |
+-----------+---------------------------------------------------------------------------------------------------------------------------------------------------------------------------------------------------------------------------------------------------------------------------------------------------------------------------------------------------------------------------------------------------------------+
| pracownik | CREATE TABLE `pracownik` (
  `id_pracownika` int NOT NULL,
  `imie` varchar(30) NOT NULL,
  `nazwisko` varchar(50) NOT NULL DEFAULT 'Kowalski',
  `zarobki` double(10,2) DEFAULT NULL,
  `data_urodzenia` date DEFAULT NULL,
  `stanowisko` enum('manager','ksiegowa','sprzedawca','kasjer') DEFAULT NULL,
  PRIMARY KEY (`id_pracownika`)
) ENGINE=InnoDB DEFAULT CHARSET=utf8mb4 COLLATE=utf8mb4_0900_ai_ci |
+-----------+---------------------------------------------------------------------------------------------------------------------------------------------------------------------------------------------------------------------------------------------------------------------------------------------------------------------------------------------------------------------------------------------------------------+
1 row in set (0.00 sec)

mysql> SHOW CREATE TABLE przetwory;
+-----------+-----------------------------------------------------------------------------------------------------------------------------------------------------------------------------------------------------------------------------------------------------------------------------------------------------------------------------------------------------------------------------------------------------------------------------------------------------------------------------------------------------------------------------------------------------------------------------------------------------------------------------------------------------------------------------------------------+
| Table     | Create Table                                                                                                                                                                                                                                                                                                                                                                                                                                                                                                                                                                                                                                                                                  |
+-----------+-----------------------------------------------------------------------------------------------------------------------------------------------------------------------------------------------------------------------------------------------------------------------------------------------------------------------------------------------------------------------------------------------------------------------------------------------------------------------------------------------------------------------------------------------------------------------------------------------------------------------------------------------------------------------------------------------+
| przetwory | CREATE TABLE `przetwory` (
  `id_przetworu` int NOT NULL AUTO_INCREMENT,
  `rok_produkcji` date DEFAULT '1654-01-01',
  `id_wykonawcy` int DEFAULT NULL,
  `zawartosc` varchar(70) DEFAULT NULL,
  `dodatek` varchar(50) DEFAULT 'papryczka chili',
  `id_konsumenta` int DEFAULT NULL,
  PRIMARY KEY (`id_przetworu`),
  KEY `id_wykonawcy` (`id_wykonawcy`),
  KEY `id_konsumenta` (`id_konsumenta`),
  CONSTRAINT `przetwory_ibfk_1` FOREIGN KEY (`id_wykonawcy`) REFERENCES `postac` (`id_postaci`),
  CONSTRAINT `przetwory_ibfk_2` FOREIGN KEY (`id_konsumenta`) REFERENCES `postac` (`id_postaci`)
) ENGINE=InnoDB AUTO_INCREMENT=2 DEFAULT CHARSET=utf8mb4 COLLATE=utf8mb4_0900_ai_ci |
+-----------+-----------------------------------------------------------------------------------------------------------------------------------------------------------------------------------------------------------------------------------------------------------------------------------------------------------------------------------------------------------------------------------------------------------------------------------------------------------------------------------------------------------------------------------------------------------------------------------------------------------------------------------------------------------------------------------------------+
1 row in set (0.00 sec)

mysql> ALTER TABLE postac DROP FOREIGN KEY przetwory_ibfk_1;
ERROR 1091 (42000): Can't DROP 'przetwory_ibfk_1'; check that column/key exists
mysql> ALTER TABLE postac DROP FOREIGN KEY 'przetwory_ibfk_1';
ERROR 1064 (42000): You have an error in your SQL syntax; check the manual that corresponds to your MySQL server version for the right syntax to use near ''przetwory_ibfk_1'' at line 1
mysql> ALTER TABLE postac DROP FOREIGN KEY przetwory_ibfk_1;
ERROR 1091 (42000): Can't DROP 'przetwory_ibfk_1'; check that column/key exists
mysql> ALTER TABLE postac DROP FOREIGN KEY CONSTRAINT przetwory_ibfk_1;
ERROR 1064 (42000): You have an error in your SQL syntax; check the manual that corresponds to your MySQL server version for the right syntax to use near 'CONSTRAINT przetwory_ibfk_1' at line 1
mysql> ALTER TABLE postac DROP PRIMARY KEY;
ERROR 1553 (HY000): Cannot drop index 'PRIMARY': needed in a foreign key constraint
mysql> SHOW CREATE TABLE postac;
+--------+-----------------------------------------------------------------------------------------------------------------------------------------------------------------------------------------------------------------------------------------------------------------------------------------------------------------------------------------------------------------------------------------------------------+
| Table  | Create Table                                                                                                                                                                                                                                                                                                                                                                                              |
+--------+-----------------------------------------------------------------------------------------------------------------------------------------------------------------------------------------------------------------------------------------------------------------------------------------------------------------------------------------------------------------------------------------------------------+
| postac | CREATE TABLE `postac` (
  `id_postaci` int NOT NULL,
  `nazwa` varchar(40) DEFAULT NULL,
  `rodzaj` enum('wiking','ptak','kobieta') DEFAULT NULL,
  `data_ur` date DEFAULT NULL,
  `wiek` int DEFAULT NULL,
  `funkcja` varchar(20) DEFAULT NULL,
  `statek` int DEFAULT NULL,
  PRIMARY KEY (`id_postaci`),
  KEY `statek` (`statek`)
) ENGINE=InnoDB DEFAULT CHARSET=utf8mb4 COLLATE=utf8mb4_0900_ai_ci |
+--------+-----------------------------------------------------------------------------------------------------------------------------------------------------------------------------------------------------------------------------------------------------------------------------------------------------------------------------------------------------------------------------------------------------------+
1 row in set (0.00 sec)

mysql> ALTER TABLE postac DROP PRIMARY KEY;
ERROR 1553 (HY000): Cannot drop index 'PRIMARY': needed in a foreign key constraint
mysql> SHOW CREATE TABLE WALIZKA;
ERROR 1146 (42S02): Table 'szymanskim.WALIZKA' doesn't exist
mysql> SHOW CREATE TABLE walizka;
+---------+--------------------------------------------------------------------------------------------------------------------------------------------------------------------------------------------------------------------------------------------------------------------------------------------------------------------------------------------------------------------------------------------------------------------------------------------------------------------------------------+
| Table   | Create Table                                                                                                                                                                                                                                                                                                                                                                                                                                                                         |
+---------+--------------------------------------------------------------------------------------------------------------------------------------------------------------------------------------------------------------------------------------------------------------------------------------------------------------------------------------------------------------------------------------------------------------------------------------------------------------------------------------+
| walizka | CREATE TABLE `walizka` (
  `id_walizki` int NOT NULL AUTO_INCREMENT,
  `pojemnosc` int DEFAULT NULL,
  `kolor` enum('rozowy','czerwony','teczowy','zolty') DEFAULT 'rozowy',
  `id_wlasciciela` int DEFAULT NULL,
  PRIMARY KEY (`id_walizki`),
  KEY `walizka_postac_fk` (`id_wlasciciela`),
  CONSTRAINT `walizka_postac_fk` FOREIGN KEY (`id_wlasciciela`) REFERENCES `postac` (`id_postaci`)
) ENGINE=InnoDB AUTO_INCREMENT=3 DEFAULT CHARSET=utf8mb4 COLLATE=utf8mb4_0900_ai_ci |
+---------+--------------------------------------------------------------------------------------------------------------------------------------------------------------------------------------------------------------------------------------------------------------------------------------------------------------------------------------------------------------------------------------------------------------------------------------------------------------------------------------+
1 row in set (0.00 sec)

mysql> ALTER TABLE postac DROP FOREIGN KEY walizka_postac_fk;
ERROR 1091 (42000): Can't DROP 'walizka_postac_fk'; check that column/key exists
mysql> ALTER TABLE postac DROP CONSTRAINT walizka_postac_fk;
ERROR 3940 (HY000): Constraint 'walizka_postac_fk' does not exist.
mysql> SHOW CREATE TABLE postac;
+--------+-----------------------------------------------------------------------------------------------------------------------------------------------------------------------------------------------------------------------------------------------------------------------------------------------------------------------------------------------------------------------------------------------------------+
| Table  | Create Table                                                                                                                                                                                                                                                                                                                                                                                              |
+--------+-----------------------------------------------------------------------------------------------------------------------------------------------------------------------------------------------------------------------------------------------------------------------------------------------------------------------------------------------------------------------------------------------------------+
| postac | CREATE TABLE `postac` (
  `id_postaci` int NOT NULL,
  `nazwa` varchar(40) DEFAULT NULL,
  `rodzaj` enum('wiking','ptak','kobieta') DEFAULT NULL,
  `data_ur` date DEFAULT NULL,
  `wiek` int DEFAULT NULL,
  `funkcja` varchar(20) DEFAULT NULL,
  `statek` int DEFAULT NULL,
  PRIMARY KEY (`id_postaci`),
  KEY `statek` (`statek`)
) ENGINE=InnoDB DEFAULT CHARSET=utf8mb4 COLLATE=utf8mb4_0900_ai_ci |
+--------+-----------------------------------------------------------------------------------------------------------------------------------------------------------------------------------------------------------------------------------------------------------------------------------------------------------------------------------------------------------------------------------------------------------+
1 row in set (0.00 sec)

mysql> ALTER TABLE postac DROP PRIMARY KEY;
ERROR 1553 (HY000): Cannot drop index 'PRIMARY': needed in a foreign key constraint
mysql> ALTER TABLE postac DROP  walizka_postac_fk;
ERROR 1091 (42000): Can't DROP 'walizka_postac_fk'; check that column/key exists
mysql> ALTER TABLE postac DROP FOREIGN KEY walizka_postac_fk;
ERROR 1091 (42000): Can't DROP 'walizka_postac_fk'; check that column/key exists
mysql> ALTER TABLE walizka DROP FOREIGN KEY walizka_postac_fk;
Query OK, 0 rows affected (0.01 sec)
Records: 0  Duplicates: 0  Warnings: 0

mysql> SHOW CREATE TABLE walizka;
+---------+----------------------------------------------------------------------------------------------------------------------------------------------------------------------------------------------------------------------------------------------------------------------------------------------------------------------------------------------------------------------------------+
| Table   | Create Table                                                                                                                                                                                                                                                                                                                                                                     |
+---------+----------------------------------------------------------------------------------------------------------------------------------------------------------------------------------------------------------------------------------------------------------------------------------------------------------------------------------------------------------------------------------+
| walizka | CREATE TABLE `walizka` (
  `id_walizki` int NOT NULL AUTO_INCREMENT,
  `pojemnosc` int DEFAULT NULL,
  `kolor` enum('rozowy','czerwony','teczowy','zolty') DEFAULT 'rozowy',
  `id_wlasciciela` int DEFAULT NULL,
  PRIMARY KEY (`id_walizki`),
  KEY `walizka_postac_fk` (`id_wlasciciela`)
) ENGINE=InnoDB AUTO_INCREMENT=3 DEFAULT CHARSET=utf8mb4 COLLATE=utf8mb4_0900_ai_ci |
+---------+----------------------------------------------------------------------------------------------------------------------------------------------------------------------------------------------------------------------------------------------------------------------------------------------------------------------------------------------------------------------------------+
1 row in set (0.00 sec)

mysql> SHOW CREATE TABLE pracownik;
+-----------+---------------------------------------------------------------------------------------------------------------------------------------------------------------------------------------------------------------------------------------------------------------------------------------------------------------------------------------------------------------------------------------------------------------+
| Table     | Create Table                                                                                                                                                                                                                                                                                                                                                                                                  |
+-----------+---------------------------------------------------------------------------------------------------------------------------------------------------------------------------------------------------------------------------------------------------------------------------------------------------------------------------------------------------------------------------------------------------------------+
| pracownik | CREATE TABLE `pracownik` (
  `id_pracownika` int NOT NULL,
  `imie` varchar(30) NOT NULL,
  `nazwisko` varchar(50) NOT NULL DEFAULT 'Kowalski',
  `zarobki` double(10,2) DEFAULT NULL,
  `data_urodzenia` date DEFAULT NULL,
  `stanowisko` enum('manager','ksiegowa','sprzedawca','kasjer') DEFAULT NULL,
  PRIMARY KEY (`id_pracownika`)
) ENGINE=InnoDB DEFAULT CHARSET=utf8mb4 COLLATE=utf8mb4_0900_ai_ci |
+-----------+---------------------------------------------------------------------------------------------------------------------------------------------------------------------------------------------------------------------------------------------------------------------------------------------------------------------------------------------------------------------------------------------------------------+
1 row in set (0.00 sec)

mysql> SHOW TABLES;\
+----------------------+
| Tables_in_szymanskim |
+----------------------+
| postac               |
| pracownik            |
| przetwory            |
| statek               |
| walizka              |
+----------------------+
5 rows in set (0.00 sec)

mysql> SHOW CREATE TABLE przetwory;
+-----------+-----------------------------------------------------------------------------------------------------------------------------------------------------------------------------------------------------------------------------------------------------------------------------------------------------------------------------------------------------------------------------------------------------------------------------------------------------------------------------------------------------------------------------------------------------------------------------------------------------------------------------------------------------------------------------------------------+
| Table     | Create Table                                                                                                                                                                                                                                                                                                                                                                                                                                                                                                                                                                                                                                                                                  |
+-----------+-----------------------------------------------------------------------------------------------------------------------------------------------------------------------------------------------------------------------------------------------------------------------------------------------------------------------------------------------------------------------------------------------------------------------------------------------------------------------------------------------------------------------------------------------------------------------------------------------------------------------------------------------------------------------------------------------+
| przetwory | CREATE TABLE `przetwory` (
  `id_przetworu` int NOT NULL AUTO_INCREMENT,
  `rok_produkcji` date DEFAULT '1654-01-01',
  `id_wykonawcy` int DEFAULT NULL,
  `zawartosc` varchar(70) DEFAULT NULL,
  `dodatek` varchar(50) DEFAULT 'papryczka chili',
  `id_konsumenta` int DEFAULT NULL,
  PRIMARY KEY (`id_przetworu`),
  KEY `id_wykonawcy` (`id_wykonawcy`),
  KEY `id_konsumenta` (`id_konsumenta`),
  CONSTRAINT `przetwory_ibfk_1` FOREIGN KEY (`id_wykonawcy`) REFERENCES `postac` (`id_postaci`),
  CONSTRAINT `przetwory_ibfk_2` FOREIGN KEY (`id_konsumenta`) REFERENCES `postac` (`id_postaci`)
) ENGINE=InnoDB AUTO_INCREMENT=2 DEFAULT CHARSET=utf8mb4 COLLATE=utf8mb4_0900_ai_ci |
+-----------+-----------------------------------------------------------------------------------------------------------------------------------------------------------------------------------------------------------------------------------------------------------------------------------------------------------------------------------------------------------------------------------------------------------------------------------------------------------------------------------------------------------------------------------------------------------------------------------------------------------------------------------------------------------------------------------------------+
1 row in set (0.00 sec)

mysql> ALTER TABLE przetwory DROP FOREIGN KEY przetwory_ibfk_1;
Query OK, 0 rows affected (0.02 sec)
Records: 0  Duplicates: 0  Warnings: 0

mysql> ALTER TABLE przetwory DROP FOREIGN KEY przetwory_ibfk_2;
Query OK, 0 rows affected (0.01 sec)
Records: 0  Duplicates: 0  Warnings: 0

mysql> SHOW CREATE TABLE przetwory;
+-----------+--------------------------------------------------------------------------------------------------------------------------------------------------------------------------------------------------------------------------------------------------------------------------------------------------------------------------------------------------------------------------------------------------------------------------------------------------------------------------------------------+
| Table     | Create Table                                                                                                                                                                                                                                                                                                                                                                                                                                                                               |
+-----------+--------------------------------------------------------------------------------------------------------------------------------------------------------------------------------------------------------------------------------------------------------------------------------------------------------------------------------------------------------------------------------------------------------------------------------------------------------------------------------------------+
| przetwory | CREATE TABLE `przetwory` (
  `id_przetworu` int NOT NULL AUTO_INCREMENT,
  `rok_produkcji` date DEFAULT '1654-01-01',
  `id_wykonawcy` int DEFAULT NULL,
  `zawartosc` varchar(70) DEFAULT NULL,
  `dodatek` varchar(50) DEFAULT 'papryczka chili',
  `id_konsumenta` int DEFAULT NULL,
  PRIMARY KEY (`id_przetworu`),
  KEY `id_wykonawcy` (`id_wykonawcy`),
  KEY `id_konsumenta` (`id_konsumenta`)
) ENGINE=InnoDB AUTO_INCREMENT=2 DEFAULT CHARSET=utf8mb4 COLLATE=utf8mb4_0900_ai_ci |
+-----------+--------------------------------------------------------------------------------------------------------------------------------------------------------------------------------------------------------------------------------------------------------------------------------------------------------------------------------------------------------------------------------------------------------------------------------------------------------------------------------------------+
1 row in set (0.00 sec)

mysql> SHOW CREATE TABLE statek;
+--------+----------------------------------------------------------------------------------------------------------------------------------------------------------------------------------------------------------------------------------------------------------------------------------------------------+
| Table  | Create Table                                                                                                                                                                                                                                                                                       |
+--------+----------------------------------------------------------------------------------------------------------------------------------------------------------------------------------------------------------------------------------------------------------------------------------------------------+
| statek | CREATE TABLE `statek` (
  `nazwa_statku` int NOT NULL AUTO_INCREMENT,
  `rodzaj_statku` int DEFAULT NULL,
  `data_wodowania` date DEFAULT NULL,
  `max_ladownosc` int NOT NULL,
  PRIMARY KEY (`nazwa_statku`)
) ENGINE=InnoDB AUTO_INCREMENT=3 DEFAULT CHARSET=utf8mb4 COLLATE=utf8mb4_0900_ai_ci |
+--------+----------------------------------------------------------------------------------------------------------------------------------------------------------------------------------------------------------------------------------------------------------------------------------------------------+
1 row in set (0.00 sec)

mysql> ALTER TABLE postac DROP PRIMARY KEY;
Query OK, 6 rows affected (0.05 sec)
Records: 6  Duplicates: 0  Warnings: 0

mysql> SELECT * FROM postac;
+------------+----------+---------+------------+------+---------+--------+
| id_postaci | nazwa    | rodzaj  | data_ur    | wiek | funkcja | statek |
+------------+----------+---------+------------+------+---------+--------+
|          1 | Bjorn    | wiking  | 1045-12-04 |   45 | kapitan |      1 |
|          2 | Drozd    | ptak    | 1066-04-20 |   38 | NULL    |      1 |
|          3 | Tesciowa | kobieta | 1006-06-16 |   88 | NULL    |   NULL |
|          4 | Arnbjorn | wiking  | 1625-02-20 |   24 | NULL    |      1 |
|          5 | Beigarth | wiking  | 1628-03-21 |   21 | NULL    |      1 |
|          6 | Bjor     | wiking  | 1630-12-12 |   19 | NULL    |      2 |
+------------+----------+---------+------------+------+---------+--------+
6 rows in set (0.00 sec)

mysql> ALTER TABLE postac ADD pesel INT(11) PRIMARY KEY;
ERROR 1062 (23000): Duplicate entry '0' for key 'postac.PRIMARY'
mysql> ALTER TABLE postac ADD COLUMN pesel INT(11) PRIMARY KEY;
ERROR 1062 (23000): Duplicate entry '0' for key 'postac.PRIMARY'
mysql> SHOW CREATE TABLE postac;;
+--------+-----------------------------------------------------------------------------------------------------------------------------------------------------------------------------------------------------------------------------------------------------------------------------------------------------------------------------------------------------------------------------+
| Table  | Create Table                                                                                                                                                                                                                                                                                                                                                                |
+--------+-----------------------------------------------------------------------------------------------------------------------------------------------------------------------------------------------------------------------------------------------------------------------------------------------------------------------------------------------------------------------------+
| postac | CREATE TABLE `postac` (
  `id_postaci` int NOT NULL,
  `nazwa` varchar(40) DEFAULT NULL,
  `rodzaj` enum('wiking','ptak','kobieta') DEFAULT NULL,
  `data_ur` date DEFAULT NULL,
  `wiek` int DEFAULT NULL,
  `funkcja` varchar(20) DEFAULT NULL,
  `statek` int DEFAULT NULL,
  KEY `statek` (`statek`)
) ENGINE=InnoDB DEFAULT CHARSET=utf8mb4 COLLATE=utf8mb4_0900_ai_ci |
+--------+-----------------------------------------------------------------------------------------------------------------------------------------------------------------------------------------------------------------------------------------------------------------------------------------------------------------------------------------------------------------------------+
1 row in set (0.00 sec)

ERROR:
No query specified

mysql> ALTER TABLE postac ADD pesel int(11), PRIMARY KEY;
ERROR 1064 (42000): You have an error in your SQL syntax; check the manual that corresponds to your MySQL server version for the right syntax to use near 'PRIMARY KEY' at line 1
mysql> ALTER TABLE postac ADD pesel int(11);
Query OK, 0 rows affected, 1 warning (0.02 sec)
Records: 0  Duplicates: 0  Warnings: 1

mysql> ALTER TABLE postac MODIFY pesel PRIMARY KEY;
ERROR 1064 (42000): You have an error in your SQL syntax; check the manual that corresponds to your MySQL server version for the right syntax to use near 'PRIMARY KEY' at line 1
mysql> ALTER TABLE postac ADD PRIMARY KEY(pesel);
ERROR 1138 (22004): Invalid use of NULL value
mysql> SHOW CREATE TABLE postac;
+--------+---------------------------------------------------------------------------------------------------------------------------------------------------------------------------------------------------------------------------------------------------------------------------------------------------------------------------------------------------------------------------------------------------------+
| Table  | Create Table                                                                                                                                                                                                                                                                                                                                                                                            |
+--------+---------------------------------------------------------------------------------------------------------------------------------------------------------------------------------------------------------------------------------------------------------------------------------------------------------------------------------------------------------------------------------------------------------+
| postac | CREATE TABLE `postac` (
  `id_postaci` int NOT NULL,
  `nazwa` varchar(40) DEFAULT NULL,
  `rodzaj` enum('wiking','ptak','kobieta') DEFAULT NULL,
  `data_ur` date DEFAULT NULL,
  `wiek` int DEFAULT NULL,
  `funkcja` varchar(20) DEFAULT NULL,
  `statek` int DEFAULT NULL,
  `pesel` int DEFAULT NULL,
  KEY `statek` (`statek`)
) ENGINE=InnoDB DEFAULT CHARSET=utf8mb4 COLLATE=utf8mb4_0900_ai_ci |
+--------+---------------------------------------------------------------------------------------------------------------------------------------------------------------------------------------------------------------------------------------------------------------------------------------------------------------------------------------------------------------------------------------------------------+
1 row in set (0.00 sec)

mysql> ALTER TABLE postac ADD CONSTRAINT PK_pesel PRIMARY KEY(pesel);
ERROR 1138 (22004): Invalid use of NULL value
mysql> ALTER TABLE postac DROP pesel;
Query OK, 0 rows affected (0.05 sec)
Records: 0  Duplicates: 0  Warnings: 0

mysql> SHOW CREATE TABLE postac;
+--------+-----------------------------------------------------------------------------------------------------------------------------------------------------------------------------------------------------------------------------------------------------------------------------------------------------------------------------------------------------------------------------+
| Table  | Create Table                                                                                                                                                                                                                                                                                                                                                                |
+--------+-----------------------------------------------------------------------------------------------------------------------------------------------------------------------------------------------------------------------------------------------------------------------------------------------------------------------------------------------------------------------------+
| postac | CREATE TABLE `postac` (
  `id_postaci` int NOT NULL,
  `nazwa` varchar(40) DEFAULT NULL,
  `rodzaj` enum('wiking','ptak','kobieta') DEFAULT NULL,
  `data_ur` date DEFAULT NULL,
  `wiek` int DEFAULT NULL,
  `funkcja` varchar(20) DEFAULT NULL,
  `statek` int DEFAULT NULL,
  KEY `statek` (`statek`)
) ENGINE=InnoDB DEFAULT CHARSET=utf8mb4 COLLATE=utf8mb4_0900_ai_ci |
+--------+-----------------------------------------------------------------------------------------------------------------------------------------------------------------------------------------------------------------------------------------------------------------------------------------------------------------------------------------------------------------------------+
1 row in set (0.00 sec)

mysql> ALTER TABLE postac ADD pesel int(11) PRIMARY KEY;
ERROR 1062 (23000): Duplicate entry '0' for key 'postac.PRIMARY'
mysql> ALTER TABLE postac ADD pesel int(11);
Query OK, 0 rows affected, 1 warning (0.02 sec)
Records: 0  Duplicates: 0  Warnings: 1

mysql> ALTER TABLE postac ADD PRIMARY KEY (pesel);
ERROR 1138 (22004): Invalid use of NULL value
mysql> ALTER TABLE postac DROP pesel;
Query OK, 0 rows affected (0.05 sec)
Records: 0  Duplicates: 0  Warnings: 0

mysql> ALTER TABLE postac ADD pesel int(11) NOT NULL;
Query OK, 0 rows affected, 1 warning (0.01 sec)
Records: 0  Duplicates: 0  Warnings: 1

mysql> ALTER TABLE postac ADD PRIMARY KEY (pesel);
ERROR 1062 (23000): Duplicate entry '0' for key 'postac.PRIMARY'
mysql> ALTER TABLE postac DROP pesel;
Query OK, 0 rows affected (0.05 sec)
Records: 0  Duplicates: 0  Warnings: 0

mysql> ALTER TABLE postac ADD pesel int(11) NOT NULL AUTO_INCREMENT PRIMARY KEY;
Query OK, 0 rows affected, 1 warning (0.08 sec)
Records: 0  Duplicates: 0  Warnings: 1

mysql> SHOW CREATE TABLE postac;
+--------+--------------------------------------------------------------------------------------------------------------------------------------------------------------------------------------------------------------------------------------------------------------------------------------------------------------------------------------------------------------------------------------------------------------------------------------------------------------+
| Table  | Create Table                                                                                                                                                                                                                                                                                                                                                                                                                                                 |
+--------+--------------------------------------------------------------------------------------------------------------------------------------------------------------------------------------------------------------------------------------------------------------------------------------------------------------------------------------------------------------------------------------------------------------------------------------------------------------+
| postac | CREATE TABLE `postac` (
  `id_postaci` int NOT NULL,
  `nazwa` varchar(40) DEFAULT NULL,
  `rodzaj` enum('wiking','ptak','kobieta') DEFAULT NULL,
  `data_ur` date DEFAULT NULL,
  `wiek` int DEFAULT NULL,
  `funkcja` varchar(20) DEFAULT NULL,
  `statek` int DEFAULT NULL,
  `pesel` int NOT NULL AUTO_INCREMENT,
  PRIMARY KEY (`pesel`),
  KEY `statek` (`statek`)
) ENGINE=InnoDB AUTO_INCREMENT=7 DEFAULT CHARSET=utf8mb4 COLLATE=utf8mb4_0900_ai_ci |
+--------+--------------------------------------------------------------------------------------------------------------------------------------------------------------------------------------------------------------------------------------------------------------------------------------------------------------------------------------------------------------------------------------------------------------------------------------------------------------+
1 row in set (0.01 sec)

mysql> ALTER TABLE postac MODIFY rodzaj enum('wiking','ptak','kobieta','syrena');
Query OK, 0 rows affected (0.01 sec)
Records: 0  Duplicates: 0  Warnings: 0

mysql> SHOW CREATE TABLE postac;
+--------+-----------------------------------------------------------------------------------------------------------------------------------------------------------------------------------------------------------------------------------------------------------------------------------------------------------------------------------------------------------------------------------------------------------------------------------------------------------------------+
| Table  | Create Table                                                                                                                                                                                                                                                                                                                                                                                                                                                          |
+--------+-----------------------------------------------------------------------------------------------------------------------------------------------------------------------------------------------------------------------------------------------------------------------------------------------------------------------------------------------------------------------------------------------------------------------------------------------------------------------+
| postac | CREATE TABLE `postac` (
  `id_postaci` int NOT NULL,
  `nazwa` varchar(40) DEFAULT NULL,
  `rodzaj` enum('wiking','ptak','kobieta','syrena') DEFAULT NULL,
  `data_ur` date DEFAULT NULL,
  `wiek` int DEFAULT NULL,
  `funkcja` varchar(20) DEFAULT NULL,
  `statek` int DEFAULT NULL,
  `pesel` int NOT NULL AUTO_INCREMENT,
  PRIMARY KEY (`pesel`),
  KEY `statek` (`statek`)
) ENGINE=InnoDB AUTO_INCREMENT=7 DEFAULT CHARSET=utf8mb4 COLLATE=utf8mb4_0900_ai_ci |
+--------+-----------------------------------------------------------------------------------------------------------------------------------------------------------------------------------------------------------------------------------------------------------------------------------------------------------------------------------------------------------------------------------------------------------------------------------------------------------------------+
1 row in set (0.00 sec)

mysql> INSERT INTO postac(id_postaci, nazwa, rodzaj) VALUES ('7','Gertruda Nieszczera','syrena');
Query OK, 1 row affected (0.01 sec)

mysql> SELECT * FROM postac;
+------------+---------------------+---------+------------+------+---------+--------+-------+
| id_postaci | nazwa               | rodzaj  | data_ur    | wiek | funkcja | statek | pesel |
+------------+---------------------+---------+------------+------+---------+--------+-------+
|          1 | Bjorn               | wiking  | 1045-12-04 |   45 | kapitan |      1 |     1 |
|          2 | Drozd               | ptak    | 1066-04-20 |   38 | NULL    |      1 |     2 |
|          3 | Tesciowa            | kobieta | 1006-06-16 |   88 | NULL    |   NULL |     3 |
|          4 | Arnbjorn            | wiking  | 1625-02-20 |   24 | NULL    |      1 |     4 |
|          5 | Beigarth            | wiking  | 1628-03-21 |   21 | NULL    |      1 |     5 |
|          6 | Bjor                | wiking  | 1630-12-12 |   19 | NULL    |      2 |     6 |
|          7 | Gertruda Nieszczera | syrena  | NULL       | NULL | NULL    |   NULL |     7 |
+------------+---------------------+---------+------------+------+---------+--------+-------+
7 rows in set (0.00 sec)

mysql> UPDATE postac SET statek='1' WHERE nazwa LIKE %a%;
ERROR 1064 (42000): You have an error in your SQL syntax; check the manual that corresponds to your MySQL server version for the right syntax to use near '%a%' at line 1
mysql> UPDATE postac SET statek='1' WHERE nazwa=%a%;
ERROR 1064 (42000): You have an error in your SQL syntax; check the manual that corresponds to your MySQL server version for the right syntax to use near '%a%' at line 1
mysql> UPDATE postac SET statek='1' WHERE nazwa LIKE '%a%';
Query OK, 2 rows affected (0.01 sec)
Rows matched: 4  Changed: 2  Warnings: 0

mysql> SELECT * FROM postac;
+------------+---------------------+---------+------------+------+---------+--------+-------+
| id_postaci | nazwa               | rodzaj  | data_ur    | wiek | funkcja | statek | pesel |
+------------+---------------------+---------+------------+------+---------+--------+-------+
|          1 | Bjorn               | wiking  | 1045-12-04 |   45 | kapitan |      1 |     1 |
|          2 | Drozd               | ptak    | 1066-04-20 |   38 | NULL    |      1 |     2 |
|          3 | Tesciowa            | kobieta | 1006-06-16 |   88 | NULL    |      1 |     3 |
|          4 | Arnbjorn            | wiking  | 1625-02-20 |   24 | NULL    |      1 |     4 |
|          5 | Beigarth            | wiking  | 1628-03-21 |   21 | NULL    |      1 |     5 |
|          6 | Bjor                | wiking  | 1630-12-12 |   19 | NULL    |      2 |     6 |
|          7 | Gertruda Nieszczera | syrena  | NULL       | NULL | NULL    |      1 |     7 |
+------------+---------------------+---------+------------+------+---------+--------+-------+
7 rows in set (0.00 sec)

mysql> SELECT * FROM statek;
+--------------+---------------+----------------+---------------+
| nazwa_statku | rodzaj_statku | data_wodowania | max_ladownosc |
+--------------+---------------+----------------+---------------+
|            1 |             1 | 1648-04-23     |             5 |
|            2 |             2 | 1646-11-10     |             7 |
+--------------+---------------+----------------+---------------+
2 rows in set (0.00 sec)

mysql> SELECT 'nazwa','wiek' FROM postac WHERE wiek>1000;
Empty set (0.00 sec)

mysql> SELECT 'nazwa','wiek' FROM postac WHERE wiek<1000;
+-------+------+
| nazwa | wiek |
+-------+------+
| nazwa | wiek |
| nazwa | wiek |
| nazwa | wiek |
| nazwa | wiek |
| nazwa | wiek |
| nazwa | wiek |
+-------+------+
6 rows in set (0.00 sec)

mysql> SELECT nazwa,wiek FROM postac WHERE wiek<1000;
+----------+------+
| nazwa    | wiek |
+----------+------+
| Bjorn    |   45 |
| Drozd    |   38 |
| Tesciowa |   88 |
| Arnbjorn |   24 |
| Beigarth |   21 |
| Bjor     |   19 |
+----------+------+
6 rows in set (0.00 sec)

mysql> INSERT INTO postac(id_postaci, nazwa) VALUES (8,'Loko');
Query OK, 1 row affected (0.00 sec)

mysql> ALTER TABLE postac MODIFY COLUMN rodzaj enum('wiking','ptak','kobieta','syrena','waz');
Query OK, 0 rows affected (0.02 sec)
Records: 0  Duplicates: 0  Warnings: 0

mysql> UPDATE postac SET rodzaj='waz' WHERE nazwa='Loko'
    -> ;
Query OK, 1 row affected (0.00 sec)
Rows matched: 1  Changed: 1  Warnings: 0

mysql> SELECT * FROM postac;
+------------+---------------------+---------+------------+------+---------+--------+-------+
| id_postaci | nazwa               | rodzaj  | data_ur    | wiek | funkcja | statek | pesel |
+------------+---------------------+---------+------------+------+---------+--------+-------+
|          1 | Bjorn               | wiking  | 1045-12-04 |   45 | kapitan |      1 |     1 |
|          2 | Drozd               | ptak    | 1066-04-20 |   38 | NULL    |      1 |     2 |
|          3 | Tesciowa            | kobieta | 1006-06-16 |   88 | NULL    |      1 |     3 |
|          4 | Arnbjorn            | wiking  | 1625-02-20 |   24 | NULL    |      1 |     4 |
|          5 | Beigarth            | wiking  | 1628-03-21 |   21 | NULL    |      1 |     5 |
|          6 | Bjor                | wiking  | 1630-12-12 |   19 | NULL    |      2 |     6 |
|          7 | Gertruda Nieszczera | syrena  | NULL       | NULL | NULL    |      1 |     7 |
|          8 | Loko                | waz     | NULL       | NULL | NULL    |   NULL |     8 |
+------------+---------------------+---------+------------+------+---------+--------+-------+
8 rows in set (0.00 sec)

mysql> CREATE TABLE Marynaz AS SELECT * FROM postac WHERE statek IS NOT NULL;
Query OK, 7 rows affected (0.02 sec)
Records: 7  Duplicates: 0  Warnings: 0

mysql> SHOW TABLES
    -> ;
+----------------------+
| Tables_in_szymanskim |
+----------------------+
| Marynaz              |
| postac               |
| pracownik            |
| przetwory            |
| statek               |
| walizka              |
+----------------------+
6 rows in set (0.00 sec)

mysql> SELECT * FROM Marynaz;
+------------+---------------------+---------+------------+------+---------+--------+-------+
| id_postaci | nazwa               | rodzaj  | data_ur    | wiek | funkcja | statek | pesel |
+------------+---------------------+---------+------------+------+---------+--------+-------+
|          1 | Bjorn               | wiking  | 1045-12-04 |   45 | kapitan |      1 |     1 |
|          2 | Drozd               | ptak    | 1066-04-20 |   38 | NULL    |      1 |     2 |
|          3 | Tesciowa            | kobieta | 1006-06-16 |   88 | NULL    |      1 |     3 |
|          4 | Arnbjorn            | wiking  | 1625-02-20 |   24 | NULL    |      1 |     4 |
|          5 | Beigarth            | wiking  | 1628-03-21 |   21 | NULL    |      1 |     5 |
|          7 | Gertruda Nieszczera | syrena  | NULL       | NULL | NULL    |      1 |     7 |
|          6 | Bjor                | wiking  | 1630-12-12 |   19 | NULL    |      2 |     6 |
+------------+---------------------+---------+------------+------+---------+--------+-------+
7 rows in set (0.00 sec)

mysql> UPDATE postac SET statek is NULL WHERE statek is NOT NULL;
ERROR 1064 (42000): You have an error in your SQL syntax; check the manual that corresponds to your MySQL server version for the right syntax to use near 'is NULL WHERE statek is NOT NULL' at line 1
mysql> UPDATE postac SET statek IS NULL WHERE statek IS NOT NULL;
ERROR 1064 (42000): You have an error in your SQL syntax; check the manual that corresponds to your MySQL server version for the right syntax to use near 'IS NULL WHERE statek IS NOT NULL' at line 1
mysql> UPDATE postac SET statek=NULL WHERE statek=NOT NULL;
ERROR 1064 (42000): You have an error in your SQL syntax; check the manual that corresponds to your MySQL server version for the right syntax to use near 'NOT NULL' at line 1
mysql> UPDATE postac SET statek=NULL WHERE statek IS NOT NULL;
Query OK, 7 rows affected (0.00 sec)
Rows matched: 7  Changed: 7  Warnings: 0

mysql> SELECT * FROM postac;
+------------+---------------------+---------+------------+------+---------+--------+-------+
| id_postaci | nazwa               | rodzaj  | data_ur    | wiek | funkcja | statek | pesel |
+------------+---------------------+---------+------------+------+---------+--------+-------+
|          1 | Bjorn               | wiking  | 1045-12-04 |   45 | kapitan |   NULL |     1 |
|          2 | Drozd               | ptak    | 1066-04-20 |   38 | NULL    |   NULL |     2 |
|          3 | Tesciowa            | kobieta | 1006-06-16 |   88 | NULL    |   NULL |     3 |
|          4 | Arnbjorn            | wiking  | 1625-02-20 |   24 | NULL    |   NULL |     4 |
|          5 | Beigarth            | wiking  | 1628-03-21 |   21 | NULL    |   NULL |     5 |
|          6 | Bjor                | wiking  | 1630-12-12 |   19 | NULL    |   NULL |     6 |
|          7 | Gertruda Nieszczera | syrena  | NULL       | NULL | NULL    |   NULL |     7 |
|          8 | Loko                | waz     | NULL       | NULL | NULL    |   NULL |     8 |
+------------+---------------------+---------+------------+------+---------+--------+-------+
8 rows in set (0.00 sec)

mysql> DELETE FROM postac WHERE nazwa='Bjor';
Query OK, 1 row affected (0.00 sec)

mysql> DELETE FROM statek;
Query OK, 2 rows affected (0.00 sec)

mysql> DROP TABLE statek;
Query OK, 0 rows affected (0.01 sec)

mysql> SHOW TABLES;
+----------------------+
| Tables_in_szymanskim |
+----------------------+
| Marynaz              |
| postac               |
| pracownik            |
| przetwory            |
| walizka              |
+----------------------+
5 rows in set (0.01 sec)

